2026-03-07 16:38:51.722 [restartedMain] INFO  com.project.travel.TravelApplication - Starting TravelApplication using Java 1.8.0_482 on jzq with PID 100348 (C:\Users\86155\Desktop\BH5104\BH5104\back\travel-server\target\classes started by 86155 in C:\Users\86155\Desktop\BH5104\BH5104\back\travel-server)
2026-03-07 16:38:51.735 [restartedMain] INFO  com.project.travel.TravelApplication - The following profiles are active: dev
2026-03-07 16:38:51.782 [restartedMain] INFO  o.s.b.d.env.DevToolsPropertyDefaultsPostProcessor - Devtools property defaults active! Set 'spring.devtools.add-properties' to 'false' to disable
2026-03-07 16:38:51.782 [restartedMain] INFO  o.s.b.d.env.DevToolsPropertyDefaultsPostProcessor - For additional web related logging consider setting the 'logging.level.web' property to 'DEBUG'
2026-03-07 16:38:52.426 [restartedMain] INFO  o.s.d.r.config.RepositoryConfigurationDelegate - Multiple Spring Data modules found, entering strict repository configuration mode!
2026-03-07 16:38:52.428 [restartedMain] INFO  o.s.d.r.config.RepositoryConfigurationDelegate - Bootstrapping Spring Data Redis repositories in DEFAULT mode.
2026-03-07 16:38:52.467 [restartedMain] INFO  o.s.d.r.config.RepositoryConfigurationDelegate - Finished Spring Data repository scanning in 25 ms. Found 0 Redis repository interfaces.
2026-03-07 16:38:52.920 [restartedMain] INFO  o.s.boot.web.embedded.tomcat.TomcatWebServer - Tomcat initialized with port(s): 8080 (http)
2026-03-07 16:38:52.927 [restartedMain] INFO  org.apache.coyote.http11.Http11NioProtocol - Initializing ProtocolHandler ["http-nio-8080"]
2026-03-07 16:38:52.928 [restartedMain] INFO  org.apache.catalina.core.StandardService - Starting service [Tomcat]
2026-03-07 16:38:52.928 [restartedMain] INFO  org.apache.catalina.core.StandardEngine - Starting Servlet engine: [Apache Tomcat/9.0.41]
2026-03-07 16:38:52.989 [restartedMain] INFO  o.a.c.core.ContainerBase.[Tomcat].[localhost].[/] - Initializing Spring embedded WebApplicationContext
2026-03-07 16:38:52.989 [restartedMain] INFO  o.s.b.w.s.c.ServletWebServerApplicationContext - Root WebApplicationContext: initialization completed in 1206 ms
2026-03-07 16:38:53.317 [restartedMain] INFO  c.a.d.s.b.a.DruidDataSourceAutoConfigure - Init DruidDataSource
2026-03-07 16:38:53.796 [restartedMain] INFO  com.alibaba.druid.pool.DruidDataSource - {dataSource-1} inited
2026-03-07 16:38:55.380 [restartedMain] INFO  o.s.scheduling.concurrent.ThreadPoolTaskExecutor - Initializing ExecutorService 'applicationTaskExecutor'
2026-03-07 16:38:55.571 [restartedMain] INFO  o.s.b.d.autoconfigure.OptionalLiveReloadServer - LiveReload server is running on port 35729
2026-03-07 16:38:55.597 [restartedMain] INFO  org.apache.coyote.http11.Http11NioProtocol - Starting ProtocolHandler ["http-nio-8080"]
2026-03-07 16:38:55.618 [restartedMain] INFO  o.s.boot.web.embedded.tomcat.TomcatWebServer - Tomcat started on port(s): 8080 (http) with context path ''
2026-03-07 16:38:55.625 [restartedMain] INFO  com.project.travel.TravelApplication - Started TravelApplication in 4.327 seconds (JVM running for 5.444)
2026-03-07 16:40:05.652 [http-nio-8080-exec-1] INFO  o.a.c.core.ContainerBase.[Tomcat].[localhost].[/] - Initializing Spring DispatcherServlet 'dispatcherServlet'
2026-03-07 16:40:05.653 [http-nio-8080-exec-1] INFO  org.springframework.web.servlet.DispatcherServlet - Initializing Servlet 'dispatcherServlet'
2026-03-07 16:40:05.654 [http-nio-8080-exec-1] INFO  org.springframework.web.servlet.DispatcherServlet - Completed initialization in 1 ms
2026-03-07 16:44:12.143 [http-nio-8080-exec-51] INFO  com.project.travel.handle.MyMetaObjectHandler - 公共字段自动填充[update]...
2026-03-07 16:45:43.093 [http-nio-8080-exec-92] INFO  com.project.travel.handle.MyMetaObjectHandler - 公共字段自动填充[update]...
2026-03-07 16:46:19.252 [http-nio-8080-exec-1] INFO  com.project.travel.handle.MyMetaObjectHandler - 公共字段自动填充[update]...
2026-03-07 16:46:52.643 [http-nio-8080-exec-7] INFO  com.project.travel.handle.MyMetaObjectHandler - 公共字段自动填充[update]...
2026-03-07 16:48:08.974 [http-nio-8080-exec-23] INFO  com.project.travel.handle.MyMetaObjectHandler - 公共字段自动填充[update]...
2026-03-07 16:49:01.274 [http-nio-8080-exec-34] INFO  com.project.travel.handle.MyMetaObjectHandler - 公共字段自动填充[update]...
2026-03-07 16:49:27.862 [http-nio-8080-exec-44] INFO  com.project.travel.handle.MyMetaObjectHandler - 公共字段自动填充[update]...
2026-03-07 16:50:23.520 [http-nio-8080-exec-53] INFO  com.project.travel.handle.MyMetaObjectHandler - 公共字段自动填充[update]...
2026-03-07 16:50:52.505 [http-nio-8080-exec-60] INFO  com.project.travel.handle.MyMetaObjectHandler - 公共字段自动填充[update]...
2026-03-07 16:52:06.352 [http-nio-8080-exec-71] INFO  com.project.travel.handle.MyMetaObjectHandler - 公共字段自动填充[update]...
2026-03-07 16:52:20.669 [http-nio-8080-exec-85] INFO  com.project.travel.handle.MyMetaObjectHandler - 公共字段自动填充[update]...
2026-03-07 16:52:21.519 [http-nio-8080-exec-89] INFO  com.project.travel.handle.MyMetaObjectHandler - 公共字段自动填充[update]...
2026-03-07 16:53:28.030 [http-nio-8080-exec-4] INFO  com.project.travel.handle.MyMetaObjectHandler - 公共字段自动填充[update]...
2026-03-07 16:53:34.742 [http-nio-8080-exec-13] INFO  com.project.travel.handle.MyMetaObjectHandler - 公共字段自动填充[update]...
2026-03-07 16:53:41.323 [http-nio-8080-exec-17] INFO  com.project.travel.handle.MyMetaObjectHandler - 公共字段自动填充[update]...
2026-03-07 16:53:48.498 [http-nio-8080-exec-23] INFO  com.project.travel.handle.MyMetaObjectHandler - 公共字段自动填充[update]...
2026-03-07 16:53:55.762 [http-nio-8080-exec-54] INFO  com.project.travel.handle.MyMetaObjectHandler - 公共字段自动填充[update]...
2026-03-07 16:54:02.389 [http-nio-8080-exec-66] INFO  com.project.travel.handle.MyMetaObjectHandler - 公共字段自动填充[update]...
2026-03-07 16:54:10.393 [http-nio-8080-exec-46] INFO  com.project.travel.handle.MyMetaObjectHandler - 公共字段自动填充[update]...
2026-03-07 16:54:19.407 [http-nio-8080-exec-84] INFO  com.project.travel.handle.MyMetaObjectHandler - 公共字段自动填充[update]...
2026-03-07 16:54:25.990 [http-nio-8080-exec-62] INFO  com.project.travel.handle.MyMetaObjectHandler - 公共字段自动填充[update]...
2026-03-07 16:54:32.785 [http-nio-8080-exec-42] INFO  com.project.travel.handle.MyMetaObjectHandler - 公共字段自动填充[update]...
2026-03-07 16:56:19.314 [http-nio-8080-exec-3] INFO  com.project.travel.handle.MyMetaObjectHandler - 公共字段自动填充[update]...
2026-03-07 17:05:09.688 [http-nio-8080-exec-21] INFO  com.project.travel.handle.MyMetaObjectHandler - 公共字段自动填充[update]...
2026-03-07 17:05:13.894 [http-nio-8080-exec-32] INFO  com.project.travel.handle.MyMetaObjectHandler - 公共字段自动填充[update]...
2026-03-07 17:06:14.082 [http-nio-8080-exec-65] INFO  com.project.travel.handle.MyMetaObjectHandler - 公共字段自动填充[update]...
2026-03-07 17:06:49.606 [http-nio-8080-exec-79] INFO  com.project.travel.handle.MyMetaObjectHandler - 公共字段自动填充[update]...
2026-03-07 17:07:16.424 [http-nio-8080-exec-91] INFO  com.project.travel.handle.MyMetaObjectHandler - 公共字段自动填充[update]...
2026-03-07 17:08:10.328 [http-nio-8080-exec-8] INFO  com.project.travel.handle.MyMetaObjectHandler - 公共字段自动填充[update]...
2026-03-07 17:09:29.778 [http-nio-8080-exec-33] INFO  com.project.travel.handle.MyMetaObjectHandler - 公共字段自动填充[insert]...
2026-03-07 17:09:59.249 [http-nio-8080-exec-43] INFO  com.project.travel.handle.MyMetaObjectHandler - 公共字段自动填充[update]...
2026-03-07 17:09:59.254 [http-nio-8080-exec-43] INFO  com.project.travel.handle.MyMetaObjectHandler - 公共字段自动填充[insert]...
2026-03-07 17:10:30.648 [http-nio-8080-exec-72] INFO  com.project.travel.handle.MyMetaObjectHandler - 公共字段自动填充[update]...
2026-03-07 17:10:31.379 [http-nio-8080-exec-77] INFO  com.project.travel.handle.MyMetaObjectHandler - 公共字段自动填充[update]...
2026-03-07 17:10:32.979 [http-nio-8080-exec-73] INFO  com.project.travel.handle.MyMetaObjectHandler - 公共字段自动填充[update]...
2026-03-07 17:44:17.245 [SpringContextShutdownHook] INFO  o.s.scheduling.concurrent.ThreadPoolTaskExecutor - Shutting down ExecutorService 'applicationTaskExecutor'
2026-03-07 17:44:17.246 [SpringContextShutdownHook] INFO  com.alibaba.druid.pool.DruidDataSource - {dataSource-1} closing ...
2026-03-07 17:44:17.247 [SpringContextShutdownHook] INFO  com.alibaba.druid.pool.DruidDataSource - {dataSource-1} closed
2026-03-07 17:44:20.811 [restartedMain] INFO  com.project.travel.TravelApplication - Starting TravelApplication using Java 1.8.0_482 on jzq with PID 95252 (C:\Users\86155\Desktop\BH5104\BH5104\back\travel-server\target\classes started by 86155 in C:\Users\86155\Desktop\BH5104\BH5104\back\travel-server)
2026-03-07 17:44:20.813 [restartedMain] INFO  com.project.travel.TravelApplication - The following profiles are active: dev
2026-03-07 17:44:20.853 [restartedMain] INFO  o.s.b.d.env.DevToolsPropertyDefaultsPostProcessor - Devtools property defaults active! Set 'spring.devtools.add-properties' to 'false' to disable
2026-03-07 17:44:20.853 [restartedMain] INFO  o.s.b.d.env.DevToolsPropertyDefaultsPostProcessor - For additional web related logging consider setting the 'logging.level.web' property to 'DEBUG'
2026-03-07 17:44:21.360 [restartedMain] INFO  o.s.d.r.config.RepositoryConfigurationDelegate - Multiple Spring Data modules found, entering strict repository configuration mode!
2026-03-07 17:44:21.361 [restartedMain] INFO  o.s.d.r.config.RepositoryConfigurationDelegate - Bootstrapping Spring Data Redis repositories in DEFAULT mode.
2026-03-07 17:44:21.392 [restartedMain] INFO  o.s.d.r.config.RepositoryConfigurationDelegate - Finished Spring Data repository scanning in 22 ms. Found 0 Redis repository interfaces.
2026-03-07 17:44:21.781 [restartedMain] INFO  o.s.boot.web.embedded.tomcat.TomcatWebServer - Tomcat initialized with port(s): 8080 (http)
2026-03-07 17:44:21.787 [restartedMain] INFO  org.apache.coyote.http11.Http11NioProtocol - Initializing ProtocolHandler ["http-nio-8080"]
2026-03-07 17:44:21.788 [restartedMain] INFO  org.apache.catalina.core.StandardService - Starting service [Tomcat]
2026-03-07 17:44:21.788 [restartedMain] INFO  org.apache.catalina.core.StandardEngine - Starting Servlet engine: [Apache Tomcat/9.0.41]
2026-03-07 17:44:21.842 [restartedMain] INFO  o.a.c.core.ContainerBase.[Tomcat].[localhost].[/] - Initializing Spring embedded WebApplicationContext
2026-03-07 17:44:21.843 [restartedMain] INFO  o.s.b.w.s.c.ServletWebServerApplicationContext - Root WebApplicationContext: initialization completed in 989 ms
2026-03-07 17:44:22.083 [restartedMain] INFO  c.a.d.s.b.a.DruidDataSourceAutoConfigure - Init DruidDataSource
2026-03-07 17:44:22.453 [restartedMain] INFO  com.alibaba.druid.pool.DruidDataSource - {dataSource-1} inited
2026-03-07 17:44:23.839 [restartedMain] INFO  o.s.scheduling.concurrent.ThreadPoolTaskExecutor - Initializing ExecutorService 'applicationTaskExecutor'
2026-03-07 17:44:24.008 [restartedMain] INFO  o.s.b.d.autoconfigure.OptionalLiveReloadServer - LiveReload server is running on port 35729
2026-03-07 17:44:24.031 [restartedMain] INFO  org.apache.coyote.http11.Http11NioProtocol - Starting ProtocolHandler ["http-nio-8080"]
2026-03-07 17:44:24.051 [restartedMain] INFO  o.s.boot.web.embedded.tomcat.TomcatWebServer - Tomcat started on port(s): 8080 (http) with context path ''
2026-03-07 17:44:24.059 [restartedMain] INFO  com.project.travel.TravelApplication - Started TravelApplication in 3.576 seconds (JVM running for 4.532)
2026-03-07 17:45:47.277 [SpringContextShutdownHook] INFO  o.s.scheduling.concurrent.ThreadPoolTaskExecutor - Shutting down ExecutorService 'applicationTaskExecutor'
2026-03-07 17:45:47.278 [SpringContextShutdownHook] INFO  com.alibaba.druid.pool.DruidDataSource - {dataSource-1} closing ...
2026-03-07 17:45:47.283 [SpringContextShutdownHook] INFO  com.alibaba.druid.pool.DruidDataSource - {dataSource-1} closed
2026-03-07 17:45:50.307 [restartedMain] INFO  com.project.travel.TravelApplication - Starting TravelApplication using Java 1.8.0_482 on jzq with PID 73852 (C:\Users\86155\Desktop\BH5104\BH5104\back\travel-server\target\classes started by 86155 in C:\Users\86155\Desktop\BH5104\BH5104\back\travel-server)
2026-03-07 17:45:50.309 [restartedMain] INFO  com.project.travel.TravelApplication - The following profiles are active: dev
2026-03-07 17:45:50.347 [restartedMain] INFO  o.s.b.d.env.DevToolsPropertyDefaultsPostProcessor - Devtools property defaults active! Set 'spring.devtools.add-properties' to 'false' to disable
2026-03-07 17:45:50.347 [restartedMain] INFO  o.s.b.d.env.DevToolsPropertyDefaultsPostProcessor - For additional web related logging consider setting the 'logging.level.web' property to 'DEBUG'
2026-03-07 17:45:50.825 [restartedMain] INFO  o.s.d.r.config.RepositoryConfigurationDelegate - Multiple Spring Data modules found, entering strict repository configuration mode!
2026-03-07 17:45:50.826 [restartedMain] INFO  o.s.d.r.config.RepositoryConfigurationDelegate - Bootstrapping Spring Data Redis repositories in DEFAULT mode.
2026-03-07 17:45:50.850 [restartedMain] INFO  o.s.d.r.config.RepositoryConfigurationDelegate - Finished Spring Data repository scanning in 15 ms. Found 0 Redis repository interfaces.
2026-03-07 17:45:51.226 [restartedMain] INFO  o.s.boot.web.embedded.tomcat.TomcatWebServer - Tomcat initialized with port(s): 8080 (http)
2026-03-07 17:45:51.232 [restartedMain] INFO  org.apache.coyote.http11.Http11NioProtocol - Initializing ProtocolHandler ["http-nio-8080"]
2026-03-07 17:45:51.233 [restartedMain] INFO  org.apache.catalina.core.StandardService - Starting service [Tomcat]
2026-03-07 17:45:51.233 [restartedMain] INFO  org.apache.catalina.core.StandardEngine - Starting Servlet engine: [Apache Tomcat/9.0.41]
2026-03-07 17:45:51.281 [restartedMain] INFO  o.a.c.core.ContainerBase.[Tomcat].[localhost].[/] - Initializing Spring embedded WebApplicationContext
2026-03-07 17:45:51.282 [restartedMain] INFO  o.s.b.w.s.c.ServletWebServerApplicationContext - Root WebApplicationContext: initialization completed in 934 ms
2026-03-07 17:45:51.545 [restartedMain] INFO  c.a.d.s.b.a.DruidDataSourceAutoConfigure - Init DruidDataSource
2026-03-07 17:45:51.900 [restartedMain] INFO  com.alibaba.druid.pool.DruidDataSource - {dataSource-1} inited
2026-03-07 17:45:53.194 [restartedMain] INFO  o.s.scheduling.concurrent.ThreadPoolTaskExecutor - Initializing ExecutorService 'applicationTaskExecutor'
2026-03-07 17:45:53.340 [restartedMain] INFO  o.s.b.d.autoconfigure.OptionalLiveReloadServer - LiveReload server is running on port 35729
2026-03-07 17:45:53.359 [restartedMain] INFO  org.apache.coyote.http11.Http11NioProtocol - Starting ProtocolHandler ["http-nio-8080"]
2026-03-07 17:45:53.377 [restartedMain] INFO  o.s.boot.web.embedded.tomcat.TomcatWebServer - Tomcat started on port(s): 8080 (http) with context path ''
2026-03-07 17:45:53.384 [restartedMain] INFO  com.project.travel.TravelApplication - Started TravelApplication in 3.382 seconds (JVM running for 4.376)
2026-03-07 18:02:05.963 [SpringContextShutdownHook] INFO  o.s.scheduling.concurrent.ThreadPoolTaskExecutor - Shutting down ExecutorService 'applicationTaskExecutor'
2026-03-07 18:02:05.966 [SpringContextShutdownHook] INFO  com.alibaba.druid.pool.DruidDataSource - {dataSource-1} closing ...
2026-03-07 18:02:05.967 [SpringContextShutdownHook] INFO  com.alibaba.druid.pool.DruidDataSource - {dataSource-1} closed
